AR acfg_rom behavioral C:/Users/shanshe/Desktop/PCI/PCIH/acfg_rom.vhd sub00/vhpl01 1710518071
AR pci_seq behavioral C:/Users/shanshe/Desktop/PCI/PCIH/pci_seq.vhd sub00/vhpl05 1710518075
AR pci_arb behavioral C:/Users/shanshe/Desktop/PCI/PCIH/pci_arb.vhd sub00/vhpl03 1710518073
EN pcih NULL C:/Users/shanshe/Desktop/PCI/PCIH/pcih.vhd sub00/vhpl06 1710518076
EN acfg_rom NULL C:/Users/shanshe/Desktop/PCI/PCIH/acfg_rom.vhd sub00/vhpl00 1710518070
EN pci_arb NULL C:/Users/shanshe/Desktop/PCI/PCIH/pci_arb.vhd sub00/vhpl02 1710518072
AR pcih behavioral C:/Users/shanshe/Desktop/PCI/PCIH/pcih.vhd sub00/vhpl07 1710518077
EN pci_seq NULL C:/Users/shanshe/Desktop/PCI/PCIH/pci_seq.vhd sub00/vhpl04 1710518074
