AR acfg_rom behavioral C:/Users/shanshe/Desktop/PCI/PCIH/acfg_rom.vhd sub00/vhpl01 1719252112
AR pci_seq behavioral C:/Users/shanshe/Desktop/PCI/PCIH/pci_seq.vhd sub00/vhpl05 1719252116
AR pci_arb behavioral C:/Users/shanshe/Desktop/PCI/PCIH/pci_arb.vhd sub00/vhpl03 1719252114
EN pcih NULL C:/Users/shanshe/Desktop/PCI/PCIH/pcih.vhd sub00/vhpl06 1719252117
EN acfg_rom NULL C:/Users/shanshe/Desktop/PCI/PCIH/acfg_rom.vhd sub00/vhpl00 1719252111
EN pci_arb NULL C:/Users/shanshe/Desktop/PCI/PCIH/pci_arb.vhd sub00/vhpl02 1719252113
AR pcih behavioral C:/Users/shanshe/Desktop/PCI/PCIH/pcih.vhd sub00/vhpl07 1719252118
EN pci_seq NULL C:/Users/shanshe/Desktop/PCI/PCIH/pci_seq.vhd sub00/vhpl04 1719252115
