V3 4
FL C:/Users/shanshe/Desktop/PCI/PCIL/pcil.vhd 2024/06/24.11:42:29 P.20131013
EN work/pcil 1719251901 FL C:/Users/shanshe/Desktop/PCI/PCIL/pcil.vhd \
      PB ieee/std_logic_1164 1381692176 PB ieee/NUMERIC_STD 1381692181 LB UNISIM \
      PH unisim/VCOMPONENTS 1381692182
AR work/pcil/Behavioral 1719251902 \
      FL C:/Users/shanshe/Desktop/PCI/PCIL/pcil.vhd EN work/pcil 1719251901
